........................................................................ [ 23%]
........................................................................ [ 46%]
........................................................................ [ 69%]
........................FF...F.......................................... [ 92%]
